#< CLIXML
Using CPython 3.12.10 interpreter at: C:\Users\HP OMEN\AppData\Local\Programs\Python\Python312\python.exe
Creating virtual environment at: .venv
Resolved 58 packages in 1ms
   Building openroboassure @ file:///C:/Users/HP%20OMEN/ORA-BENCH-001-run-20260802-001717
      Built openroboassure @ file:///C:/Users/HP%20OMEN/ORA-BENCH-001-run-20260802-001717
Prepared 1 package in 3.20s
Installed 58 packages in 4.27s
 + absl-py==2.5.0
 + alembic==1.18.5
 + cfgv==3.5.0
 + cloudpickle==3.1.2
 + colorama==0.4.6
 + colorlog==6.12.0
 + contourpy==1.3.3
 + cycler==0.12.1
 + dill==0.4.1
 + distlib==0.4.3
 + etils==1.14.0
 + farama-notifications==0.0.6
 + filelock==3.32.0
 + fonttools==4.63.0
 + fsspec==2026.6.0
 + glfw==2.10.2
 + greenlet==3.5.4
 + gymnasium==1.3.0
 + identify==2.6.19
 + iniconfig==2.3.0
 + kiwisolver==1.5.0
 + librt==0.13.0
 + mako==1.3.12
 + markupsafe==3.0.3
 + matplotlib==3.11.1
 + mujoco==3.10.0
 + multiprocess==0.70.19
 + mypy==1.20.2
 + mypy-extensions==1.1.0
 + nodeenv==1.10.0
 + numpy==2.5.1
 + openroboassure==0.9.0 (from file:///C:/Users/HP%20OMEN/ORA-BENCH-001-run-20260802-001717)
 + optuna==4.9.0
 + packaging==26.2
 + pandas==3.0.5
 + pathspec==1.1.1
 + pillow==12.3.0
 + platformdirs==4.11.0
 + pluggy==1.6.0
 + pre-commit==4.6.1
 + pybullet==3.2.7
 + pygments==2.20.0
 + pyopengl==3.1.10
 + pyparsing==3.3.2
 + pytest==8.4.2
 + python-dateutil==2.9.0.post0
 + python-discovery==1.5.0
 + pyyaml==6.0.3
 + ruff==0.16.0
 + salib==1.5.2
 + scipy==1.18.0
 + six==1.17.0
 + sqlalchemy==2.0.51
 + tqdm==4.69.1
 + typing-extensions==4.16.0
 + tzdata==2026.3
 + virtualenv==21.7.0
 + zipp==4.1.0
pybullet build time: Jul 26 2026 14:25:09
pybullet build time: Jul 26 2026 14:25:09
<Objs Version="1.1.0.1" xmlns="http://schemas.microsoft.com/powershell/2004/04"><Obj S="progress" RefId="0"><TN RefId="0"><T>System.Management.Automation.PSCustomObject</T><T>System.Object</T></TN><MS><I64 N="SourceId">1</I64><PR N="Record"><AV>Preparing modules for first use.</AV><AI>0</AI><Nil /><PI>-1</PI><PC>-1</PC><T>Completed</T><SR>-1</SR><SD> </SD></PR></MS></Obj></Objs>